周六 2026/10/10 14:55:11.29 npm-fixture mode=eacces argv=--version
周六 2026/10/10 14:55:11.51 npm-fixture passthrough exit=0
周六 2026/10/10 14:55:11.53 npm-fixture mode=eacces argv=install --global left-pad --prefix "C:\bkn-verify\cli9\npm\Validate Prefix"
周六 2026/10/10 14:55:11.53 npm-fixture eacces exit=243
周六 2026/10/10 14:55:11.58 node-fixture mode=v23 argv=--version
周六 2026/10/10 14:55:11.61 node-fixture mode=v23 argv=-e console.log(process.version)
--- fixture Host start 2026-10-10T07:07:19Z
周六 2026/10/10 15:07:54.57 node-fixture mode=real argv="C:\bkn-verify\cli9\npm\CLI Prefix\\node_modules\@openbkn\bkn-sdk\dist\cli.js" auth status --json
--- C95 v23 start 2026-10-10T07:08:02Z
周六 2026/10/10 15:08:03.91 node-fixture mode=v23 argv="C:\bkn-verify\cli9\npm\CLI Prefix\\node_modules\@openbkn\bkn-sdk\dist\cli.js" --version
周六 2026/10/10 15:08:31.80 npm-fixture mode=real argv=prefix --global
周六 2026/10/10 15:08:32.06 npm-fixture passthrough exit=0
周六 2026/10/10 15:08:32.21 node-fixture mode=v23 argv=--version
周六 2026/10/10 15:08:51.54 npm-fixture mode=real argv=prefix --global
周六 2026/10/10 15:08:51.80 npm-fixture passthrough exit=0
周六 2026/10/10 15:08:51.93 node-fixture mode=v23 argv=--version
--- C95 v22-18 start 2026-10-10T07:09:00Z
周六 2026/10/10 15:09:10.27 npm-fixture mode=real argv=prefix --global
周六 2026/10/10 15:09:10.53 npm-fixture passthrough exit=0
周六 2026/10/10 15:09:10.67 node-fixture mode=v22-18 argv=--version
--- C96 eacces start 2026-10-10T07:09:27Z
周六 2026/10/10 15:09:33.54 npm-fixture mode=eacces argv=prefix --global
周六 2026/10/10 15:09:33.80 npm-fixture passthrough exit=0
周六 2026/10/10 15:09:33.93 node-fixture mode=real argv=--version
周六 2026/10/10 15:09:34.12 npm-fixture mode=eacces argv=prefix --global
周六 2026/10/10 15:09:34.38 npm-fixture passthrough exit=0
周六 2026/10/10 15:09:34.52 node-fixture mode=real argv=--version
周六 2026/10/10 15:09:34.69 npm-fixture mode=eacces argv=install --global @openbkn/bkn-sdk@0.1.5 --prefix "C:\bkn-verify\cli9\npm\FX Prefix" --ignore-scripts --no-audit --no-fund --loglevel=error
周六 2026/10/10 15:09:34.69 npm-fixture eacces exit=243
--- C96 econnreset start 2026-10-10T07:09:44Z
周六 2026/10/10 15:09:48.91 npm-fixture mode=econnreset argv=prefix --global
周六 2026/10/10 15:09:49.17 npm-fixture passthrough exit=0
周六 2026/10/10 15:09:49.30 node-fixture mode=real argv=--version
周六 2026/10/10 15:09:49.49 npm-fixture mode=econnreset argv=prefix --global
周六 2026/10/10 15:09:49.75 npm-fixture passthrough exit=0
周六 2026/10/10 15:09:49.89 node-fixture mode=real argv=--version
周六 2026/10/10 15:09:50.05 npm-fixture mode=econnreset argv=install --global @openbkn/bkn-sdk@0.1.5 --prefix "C:\bkn-verify\cli9\npm\FX Prefix" --ignore-scripts --no-audit --no-fund --loglevel=error
周六 2026/10/10 15:09:50.05 npm-fixture econnreset exit=1
--- C96 cert start 2026-10-10T07:09:59Z
周六 2026/10/10 15:10:07.21 npm-fixture mode=cert argv=prefix --global
周六 2026/10/10 15:10:07.47 npm-fixture passthrough exit=0
周六 2026/10/10 15:10:07.61 node-fixture mode=real argv=--version
周六 2026/10/10 15:10:07.80 npm-fixture mode=cert argv=prefix --global
周六 2026/10/10 15:10:08.06 npm-fixture passthrough exit=0
周六 2026/10/10 15:10:08.18 node-fixture mode=real argv=--version
周六 2026/10/10 15:10:08.35 npm-fixture mode=cert argv=install --global @openbkn/bkn-sdk@0.1.5 --prefix "C:\bkn-verify\cli9\npm\FX Prefix" --ignore-scripts --no-audit --no-fund --loglevel=error
周六 2026/10/10 15:10:08.35 npm-fixture cert exit=1
--- C96 exit0-nobin start 2026-10-10T07:10:16Z
周六 2026/10/10 15:10:22.18 npm-fixture mode=exit0-nobin argv=prefix --global
周六 2026/10/10 15:10:22.45 npm-fixture passthrough exit=0
周六 2026/10/10 15:10:22.57 node-fixture mode=real argv=--version
周六 2026/10/10 15:10:22.75 npm-fixture mode=exit0-nobin argv=prefix --global
周六 2026/10/10 15:10:23.01 npm-fixture passthrough exit=0
周六 2026/10/10 15:10:23.13 node-fixture mode=real argv=--version
周六 2026/10/10 15:10:23.31 npm-fixture mode=exit0-nobin argv=install --global @openbkn/bkn-sdk@0.1.5 --prefix "C:\bkn-verify\cli9\npm\FX Prefix" --ignore-scripts --no-audit --no-fund --loglevel=error
周六 2026/10/10 15:10:23.31 npm-fixture exit0-nobin exit=0
周六 2026/10/10 15:11:29.31 node-fixture mode=real argv="C:\bkn-verify\cli9\npm\CLI Prefix\\node_modules\@openbkn\bkn-sdk\dist\cli.js" auth status --json
周六 2026/10/10 15:11:40.21 node-fixture mode=real argv="C:\bkn-verify\cli9\npm\CLI Prefix\\node_modules\@openbkn\bkn-sdk\dist\cli.js" --version
周六 2026/10/10 15:11:53.36 npm-fixture mode=exit0-nobin argv=prefix --global
周六 2026/10/10 15:11:53.63 npm-fixture passthrough exit=0
周六 2026/10/10 15:11:53.76 node-fixture mode=real argv=--version
--- C97 start 2026-10-10T07:12:09Z
周六 2026/10/10 15:12:19.57 npm-fixture mode=delay argv=prefix --global
周六 2026/10/10 15:12:19.83 npm-fixture passthrough exit=0
周六 2026/10/10 15:12:19.96 node-fixture mode=real argv=--version
周六 2026/10/10 15:12:55.67 npm-fixture mode=delay argv=prefix --global
周六 2026/10/10 15:12:55.93 npm-fixture passthrough exit=0
周六 2026/10/10 15:12:56.07 node-fixture mode=real argv=--version
周六 2026/10/10 15:12:56.26 npm-fixture mode=delay argv=prefix --global
周六 2026/10/10 15:12:56.51 npm-fixture passthrough exit=0
周六 2026/10/10 15:12:56.64 node-fixture mode=real argv=--version
周六 2026/10/10 15:12:56.81 npm-fixture mode=delay argv=install --global @openbkn/bkn-sdk@0.1.5 --prefix "C:\bkn-verify\cli9\npm\FX Prefix" --ignore-scripts --no-audit --no-fund --loglevel=error
周六 2026/10/10 15:12:56.81 npm-fixture delay start seconds=60
周六 2026/10/10 15:13:57.43 npm-fixture delay end, handing to real npm
周六 2026/10/10 15:14:05.28 npm-fixture passthrough exit=0
周六 2026/10/10 15:14:05.43 node-fixture mode=real argv="C:\bkn-verify\cli9\npm\FX Prefix\\node_modules\@openbkn\bkn-sdk\dist\cli.js" --version
周六 2026/10/10 15:14:06.55 npm-fixture mode=delay argv=prefix --global
周六 2026/10/10 15:14:06.82 npm-fixture passthrough exit=0
周六 2026/10/10 15:14:06.96 node-fixture mode=real argv="C:\bkn-verify\cli9\npm\FX Prefix\\node_modules\@openbkn\bkn-sdk\dist\cli.js" --version
周六 2026/10/10 15:14:07.32 node-fixture mode=real argv="C:\bkn-verify\cli9\npm\FX Prefix\\node_modules\@openbkn\bkn-sdk\dist\cli.js" --version
--- Desktop fixture Host start 2026-10-10T07:38:50Z
周六 2026/10/10 15:39:06.58 node-fixture mode=real argv="C:\bkn-verify\cli9\desktop\CLI Prefix\\node_modules\@openbkn\bkn-sdk\dist\cli.js" auth status --json
周六 2026/10/10 15:39:11.53 node-fixture mode=real argv="C:\bkn-verify\cli9\desktop\CLI Prefix\\node_modules\@openbkn\bkn-sdk\dist\cli.js" --version
周六 2026/10/10 15:39:32.90 npm-fixture mode=real argv=prefix --global
周六 2026/10/10 15:39:33.13 npm-fixture passthrough exit=0
周六 2026/10/10 15:39:33.27 node-fixture mode=real argv=--version
--- Desktop C95 v23 start 2026-10-10T07:40:07Z
周六 2026/10/10 15:40:10.04 npm-fixture mode=real argv=prefix --global
周六 2026/10/10 15:40:10.27 npm-fixture passthrough exit=0
周六 2026/10/10 15:40:10.41 node-fixture mode=v23 argv=--version
周六 2026/10/10 15:40:31.22 npm-fixture mode=real argv=prefix --global
周六 2026/10/10 15:40:31.45 npm-fixture passthrough exit=0
周六 2026/10/10 15:40:31.59 node-fixture mode=v23 argv=--version
--- Desktop C95 v22-18 start 2026-10-10T07:40:46Z
周六 2026/10/10 15:40:47.21 npm-fixture mode=real argv=prefix --global
周六 2026/10/10 15:40:47.45 npm-fixture passthrough exit=0
周六 2026/10/10 15:40:47.59 node-fixture mode=v22-18 argv=--version
--- Desktop C96 eacces start 2026-10-10T07:41:03Z
周六 2026/10/10 15:41:04.26 npm-fixture mode=eacces argv=prefix --global
周六 2026/10/10 15:41:04.50 npm-fixture passthrough exit=0
周六 2026/10/10 15:41:04.64 node-fixture mode=real argv=--version
周六 2026/10/10 15:41:04.84 npm-fixture mode=eacces argv=prefix --global
周六 2026/10/10 15:41:05.05 npm-fixture passthrough exit=0
周六 2026/10/10 15:41:05.18 node-fixture mode=real argv=--version
周六 2026/10/10 15:41:05.35 npm-fixture mode=eacces argv=install --global @openbkn/bkn-sdk@0.1.5 --prefix "C:\bkn-verify\cli9\desktop\FX Prefix" --ignore-scripts --no-audit --no-fund --loglevel=error
周六 2026/10/10 15:41:05.35 npm-fixture eacces exit=243
--- Desktop C96 econnreset start 2026-10-10T07:41:15Z
周六 2026/10/10 15:41:16.54 npm-fixture mode=econnreset argv=prefix --global
周六 2026/10/10 15:41:16.77 npm-fixture passthrough exit=0
周六 2026/10/10 15:41:16.92 node-fixture mode=real argv=--version
周六 2026/10/10 15:41:17.11 npm-fixture mode=econnreset argv=prefix --global
周六 2026/10/10 15:41:17.33 npm-fixture passthrough exit=0
周六 2026/10/10 15:41:17.46 node-fixture mode=real argv=--version
周六 2026/10/10 15:41:17.63 npm-fixture mode=econnreset argv=install --global @openbkn/bkn-sdk@0.1.5 --prefix "C:\bkn-verify\cli9\desktop\FX Prefix" --ignore-scripts --no-audit --no-fund --loglevel=error
周六 2026/10/10 15:41:17.63 npm-fixture econnreset exit=1
--- Desktop C96 cert start 2026-10-10T07:41:28Z
周六 2026/10/10 15:41:29.01 npm-fixture mode=cert argv=prefix --global
周六 2026/10/10 15:41:29.25 npm-fixture passthrough exit=0
周六 2026/10/10 15:41:29.38 node-fixture mode=real argv=--version
周六 2026/10/10 15:41:29.57 npm-fixture mode=cert argv=prefix --global
周六 2026/10/10 15:41:29.79 npm-fixture passthrough exit=0
周六 2026/10/10 15:41:29.92 node-fixture mode=real argv=--version
周六 2026/10/10 15:41:30.09 npm-fixture mode=cert argv=install --global @openbkn/bkn-sdk@0.1.5 --prefix "C:\bkn-verify\cli9\desktop\FX Prefix" --ignore-scripts --no-audit --no-fund --loglevel=error
周六 2026/10/10 15:41:30.09 npm-fixture cert exit=1
--- Desktop C96 exit0-nobin start 2026-10-10T07:41:40Z
周六 2026/10/10 15:41:40.87 npm-fixture mode=exit0-nobin argv=prefix --global
周六 2026/10/10 15:41:41.10 npm-fixture passthrough exit=0
周六 2026/10/10 15:41:41.24 node-fixture mode=real argv=--version
周六 2026/10/10 15:41:41.43 npm-fixture mode=exit0-nobin argv=prefix --global
周六 2026/10/10 15:41:41.65 npm-fixture passthrough exit=0
周六 2026/10/10 15:41:41.78 node-fixture mode=real argv=--version
周六 2026/10/10 15:41:41.95 npm-fixture mode=exit0-nobin argv=install --global @openbkn/bkn-sdk@0.1.5 --prefix "C:\bkn-verify\cli9\desktop\FX Prefix" --ignore-scripts --no-audit --no-fund --loglevel=error
周六 2026/10/10 15:41:41.96 npm-fixture exit0-nobin exit=0
--- Desktop C97 start 2026-10-10T07:42:46Z
--- Desktop r4 fixture restart (C97) 2026-10-10T12:30:50Z
周六 2026/10/10 20:31:31.46 npm-fixture mode=delay argv=prefix --global
周六 2026/10/10 20:31:31.72 npm-fixture passthrough exit=0
周六 2026/10/10 20:31:31.85 node-fixture mode=real argv=--version
周六 2026/10/10 20:31:50.87 npm-fixture mode=delay argv=prefix --global
周六 2026/10/10 20:31:51.11 npm-fixture passthrough exit=0
周六 2026/10/10 20:31:51.25 node-fixture mode=real argv=--version
周六 2026/10/10 20:31:51.45 npm-fixture mode=delay argv=prefix --global
周六 2026/10/10 20:31:51.66 npm-fixture passthrough exit=0
周六 2026/10/10 20:31:51.80 node-fixture mode=real argv=--version
周六 2026/10/10 20:31:51.97 npm-fixture mode=delay argv=install --global @openbkn/bkn-sdk@0.1.5 --prefix "C:\bkn-verify\cli9\desktop\FX Prefix" --ignore-scripts --no-audit --no-fund --loglevel=error
周六 2026/10/10 20:31:51.97 npm-fixture delay start seconds=60
周六 2026/10/10 20:32:52.51 npm-fixture delay end, handing to real npm
周六 2026/10/10 20:33:01.53 npm-fixture passthrough exit=0
周六 2026/10/10 20:33:01.68 node-fixture mode=real argv="C:\bkn-verify\cli9\desktop\FX Prefix\\node_modules\@openbkn\bkn-sdk\dist\cli.js" --version
周六 2026/10/10 20:33:02.68 npm-fixture mode=delay argv=prefix --global
周六 2026/10/10 20:33:02.89 npm-fixture passthrough exit=0
周六 2026/10/10 20:33:03.03 node-fixture mode=real argv="C:\bkn-verify\cli9\desktop\FX Prefix\\node_modules\@openbkn\bkn-sdk\dist\cli.js" --version
周六 2026/10/10 20:33:03.39 node-fixture mode=real argv="C:\bkn-verify\cli9\desktop\FX Prefix\\node_modules\@openbkn\bkn-sdk\dist\cli.js" --version
